
> documentss-backend@1.0.0 test
> vitest run


[1m[46m RUN [49m[22m [36mv3.2.4 [39m[90mC:/Users/Acer/Documents/GitHub/node-fastify-next/backend[39m

 [32mÔ£ô[39m tests/unit/use-cases/delete-document.use-case.spec.ts [2m([22m[2m3 tests[22m[2m)[22m[32m 19[2mms[22m[39m
 [32mÔ£ô[39m tests/unit/use-cases/list-documents.use-case.spec.ts [2m([22m[2m4 tests[22m[2m)[22m[32m 22[2mms[22m[39m
 [32mÔ£ô[39m tests/unit/use-cases/add-files.use-case.spec.ts [2m([22m[2m2 tests[22m[2m)[22m[32m 23[2mms[22m[39m
 [32mÔ£ô[39m tests/unit/dtos/validation.schema.spec.ts [2m([22m[2m20 tests[22m[2m)[22m[32m 63[2mms[22m[39m
 [32mÔ£ô[39m tests/unit/use-cases/get-document.use-case.spec.ts [2m([22m[2m3 tests[22m[2m)[22m[32m 28[2mms[22m[39m
 [32mÔ£ô[39m tests/unit/use-cases/create-document.use-case.spec.ts [2m([22m[2m2 tests[22m[2m)[22m[32m 31[2mms[22m[39m
 [32mÔ£ô[39m tests/unit/use-cases/update-document-status.use-case.spec.ts [2m([22m[2m3 tests[22m[2m)[22m[32m 22[2mms[22m[39m
 [32mÔ£ô[39m tests/unit/mappers/document.mapper.spec.ts [2m([22m[2m3 tests[22m[2m)[22m[32m 18[2mms[22m[39m
 [32mÔ£ô[39m tests/integration/document.routes.spec.ts [2m([22m[2m10 tests[22m[2m)[22m[33m 1264[2mms[22m[39m
   [33m[2mÔ£ô[22m[39m Document Routes (Integration)[2m > [22mPOST /api/documents[2m > [22mdeve criar documento com body v├ílido ÔåÆ 201 [33m 802[2mms[22m[39m
 [32mÔ£ô[39m tests/integration/document.files.spec.ts [2m([22m[2m8 tests[22m[2m)[22m[33m 1245[2mms[22m[39m
   [33m[2mÔ£ô[22m[39m Document Files Routes (Integration)[2m > [22mPOST /api/documents/:id/files[2m > [22mdeve adicionar arquivos a um documento existente ÔåÆ 200 [33m 793[2mms[22m[39m
 [32mÔ£ô[39m tests/unit/use-cases/delete-file.use-case.spec.ts [2m([22m[2m2 tests[22m[2m)[22m[32m 20[2mms[22m[39m
 [32mÔ£ô[39m tests/unit/use-cases/get-files.use-case.spec.ts [2m([22m[2m2 tests[22m[2m)[22m[32m 19[2mms[22m[39m
 [32mÔ£ô[39m tests/e2e/document.e2e.spec.ts [2m([22m[2m2 tests[22m[2m)[22m[33m 1741[2mms[22m[39m
   [33m[2mÔ£ô[22m[39m Document Routes (E2E - Banco Real)[2m > [22mdeve criar, buscar, atualizar e deletar um documento (fluxo completo) [33m 657[2mms[22m[39m

[2m Test Files [22m [1m[32m13 passed[39m[22m[90m (13)[39m
[2m      Tests [22m [1m[32m64 passed[39m[22m[90m (64)[39m
[2m   Start at [22m 20:27:12
[2m   Duration [22m 5.41s[2m (transform 1.93s, setup 0ms, collect 9.12s, tests 4.52s, environment 10ms, prepare 10.31s)[22m

