src/infra/http/routes/document.routes.ts(34,53): error TS2345: Argument of type 'FastifyRequest<RouteGenericInterface, RawServerDefault, IncomingMessage, { readonly tags: readonly ["Documents"]; readonly summary: "Criar documento"; readonly description: "Cria um novo documento com status PENDENTE"; readonly body: ZodObject<...>; readonly response: { ...; }; }, ZodTypeProvider, unknown, FastifyBa...' is not assignable to parameter of type 'FastifyRequest<{ Body: { titulo: string; descricao?: string | null | undefined; }; }, RawServerDefault, IncomingMessage, FastifySchema, FastifyTypeProviderDefault, unknown, FastifyBaseLogger, ResolveFastifyRequestType<...>>'.
  Type 'RouteGenericInterface' is not assignable to type '{ Body: { titulo: string; descricao?: string | null | undefined; }; }'.
    Types of property 'Body' are incompatible.
      Type 'unknown' is not assignable to type '{ titulo: string; descricao?: string | null | undefined; }'.
src/infra/http/routes/document.routes.ts(48,51): error TS2345: Argument of type 'FastifyRequest<RouteGenericInterface, RawServerDefault, IncomingMessage, { readonly tags: readonly ["Documents"]; readonly summary: "Listar documentos"; readonly description: "Lista documentos com pagina├º├úo e filtro por status"; readonly querystring: ZodObject<...>; readonly response: { ...; }; }, ZodTypeProvider, u...' is not assignable to parameter of type 'FastifyRequest<{ Querystring: { page: number; limit: number; status?: DocumentStatus | undefined; }; }, RawServerDefault, IncomingMessage, ... 4 more ..., ResolveFastifyRequestType<...>>'.
  Type 'RouteGenericInterface' is not assignable to type '{ Querystring: { page: number; limit: number; status?: DocumentStatus | undefined; }; }'.
    Types of property 'Querystring' are incompatible.
      Type 'unknown' is not assignable to type '{ page: number; limit: number; status?: DocumentStatus | undefined; }'.
src/infra/http/routes/document.routes.ts(61,54): error TS2345: Argument of type 'FastifyRequest<RouteGenericInterface, RawServerDefault, IncomingMessage, { readonly tags: readonly ["Documents"]; readonly summary: "Buscar documento por ID"; readonly params: ZodObject<...>; readonly response: { ...; }; }, ZodTypeProvider, unknown, FastifyBaseLogger, ResolveFastifyRequestType<...>>' is not assignable to parameter of type 'FastifyRequest<{ Params: { id: string; }; }, RawServerDefault, IncomingMessage, FastifySchema, FastifyTypeProviderDefault, unknown, FastifyBaseLogger, ResolveFastifyRequestType<...>>'.
  Type 'RouteGenericInterface' is not assignable to type '{ Params: { id: string; }; }'.
    Types of property 'Params' are incompatible.
      Type 'unknown' is not assignable to type '{ id: string; }'.
src/infra/http/routes/document.routes.ts(76,59): error TS2345: Argument of type 'FastifyRequest<RouteGenericInterface, RawServerDefault, IncomingMessage, { readonly tags: readonly ["Documents"]; readonly summary: "Atualizar status do documento"; readonly description: "Atualiza o status de um documento (PENDENTE Ôåö ASSINADO)"; readonly params: ZodObject<...>; readonly body: ZodObject<...>; readonl...' is not assignable to parameter of type 'FastifyRequest<{ Params: { id: string; }; Body: { status: DocumentStatus; }; }, RawServerDefault, IncomingMessage, FastifySchema, FastifyTypeProviderDefault, unknown, FastifyBaseLogger, ResolveFastifyRequestType<...>>'.
  Type 'RouteGenericInterface' is not assignable to type '{ Params: { id: string; }; Body: { status: DocumentStatus; }; }'.
    Types of property 'Params' are incompatible.
      Type 'unknown' is not assignable to type '{ id: string; }'.
src/infra/http/routes/document.routes.ts(89,53): error TS2345: Argument of type 'FastifyRequest<RouteGenericInterface, RawServerDefault, IncomingMessage, { readonly tags: readonly ["Documents"]; readonly summary: "Deletar documento"; readonly params: ZodObject<...>; readonly response: { ...; }; }, ZodTypeProvider, unknown, FastifyBaseLogger, ResolveFastifyRequestType<...>>' is not assignable to parameter of type 'FastifyRequest<{ Params: { id: string; }; }, RawServerDefault, IncomingMessage, FastifySchema, FastifyTypeProviderDefault, unknown, FastifyBaseLogger, ResolveFastifyRequestType<...>>'.
  Type 'RouteGenericInterface' is not assignable to type '{ Params: { id: string; }; }'.
    Types of property 'Params' are incompatible.
      Type 'unknown' is not assignable to type '{ id: string; }'.
src/infra/http/routes/document.routes.ts(104,55): error TS2345: Argument of type 'FastifyRequest<RouteGenericInterface, RawServerDefault, IncomingMessage, { readonly tags: readonly ["Files"]; readonly summary: "Adicionar arquivos ao documento"; readonly description: "Adiciona um ou mais arquivos (Base64) a um documento existente"; readonly params: ZodObject<...>; readonly body: ZodObject<...>; re...' is not assignable to parameter of type 'FastifyRequest<{ Params: { id: string; }; Body: { arquivos: { name: string; type: string; data: string; }[]; }; }, RawServerDefault, IncomingMessage, FastifySchema, FastifyTypeProviderDefault, unknown, FastifyBaseLogger, ResolveFastifyRequestType<...>>'.
  Type 'RouteGenericInterface' is not assignable to type '{ Params: { id: string; }; Body: { arquivos: { name: string; type: string; data: string; }[]; }; }'.
    Types of property 'Params' are incompatible.
      Type 'unknown' is not assignable to type '{ id: string; }'.
src/infra/http/routes/document.routes.ts(118,55): error TS2345: Argument of type 'FastifyRequest<RouteGenericInterface, RawServerDefault, IncomingMessage, { readonly tags: readonly ["Files"]; readonly summary: "Listar arquivos do documento"; readonly description: "Retorna todos os arquivos vinculados a um documento"; readonly params: ZodObject<...>; readonly response: { ...; }; }, ZodTypeProvider...' is not assignable to parameter of type 'FastifyRequest<{ Params: { id: string; }; }, RawServerDefault, IncomingMessage, FastifySchema, FastifyTypeProviderDefault, unknown, FastifyBaseLogger, ResolveFastifyRequestType<...>>'.
  Type 'RouteGenericInterface' is not assignable to type '{ Params: { id: string; }; }'.
    Types of property 'Params' are incompatible.
      Type 'unknown' is not assignable to type '{ id: string; }'.
src/infra/http/routes/document.routes.ts(134,57): error TS2345: Argument of type 'FastifyRequest<RouteGenericInterface, RawServerDefault, IncomingMessage, { readonly tags: readonly ["Files"]; readonly summary: "Deletar arquivo"; readonly description: "Remove um arquivo espec├¡fico de um documento"; readonly params: ZodObject<...>; readonly response: { ...; }; }, ZodTypeProvider, unknown, FastifyBa...' is not assignable to parameter of type 'FastifyRequest<{ Params: { id: string; } & { fileId: string; }; }, RawServerDefault, IncomingMessage, FastifySchema, FastifyTypeProviderDefault, unknown, FastifyBaseLogger, ResolveFastifyRequestType<...>>'.
  Type 'RouteGenericInterface' is not assignable to type '{ Params: { id: string; } & { fileId: string; }; }'.
    Types of property 'Params' are incompatible.
      Type 'unknown' is not assignable to type '{ id: string; } & { fileId: string; }'.
        Type 'unknown' is not assignable to type '{ id: string; }'.
